// Vitest Snapshot v1, https://vitest.dev/guide/snapshot.html

exports[`Playground Integration Tests > should generate the expected output file 1`] = `
"import { z } from 'zod';

export const AddressSchema = z.object({ street: z.string(), city: z.string(), zipCode: z.string() });

export const UserSignedUpSchema = z.object({ userId: z.string(), timestamp: z.number().int(), email: z.string() });

export const ProductViewedSchema = z.object({ productId: z.string(), userId: z.string().optional(), timestamp: z.number().int() });

export const UserAddressUpdatedSchema = z.object({ userId: z.string(), oldAddress: AddressSchema.optional(), newAddress: AddressSchema });


export const eventSchemas = {
  "user_signed_up": UserSignedUpSchema,
  "product_viewed": ProductViewedSchema,
  "user_address_updated": UserAddressUpdatedSchema,
} as const;"
`;
